﻿
> arcanum-mtg@1.0.0 build
> vite build

[36mvite v6.4.1 [32mbuilding for production...[36m[39m
transforming...
[32mΓ£ô[39m 31 modules transformed.
node.exe : 
[31mΓ£ù[39m Build 
failed in 335ms
At line:1 char:1
+ & "C:\Program File
s\nodejs/node.exe" 
"C:\Program Files\no
dejs/node_mo ...
+ ~~~~~~~~~~~~~~~~~~
~~~~~~~~~~~~~~~~~~~~
~~~~~~~~~~~~~~~~~~~~
~~~~~~~~~~~
    + CategoryInfo  
            : 
NotSpecified    : 
([31mΓ£ù[39m Bu   
 ild failed in 
335ms    :String) 
[], Remote    
Exception
    + 
FullyQualifiedErr   
 orId : 
NativeComman    
dError
 
[31merror during 
build:
[31msrc/App.jsx 
(38:2): "IMPORT_ANAL
YSIS_PROMPT" is not 
exported by 
"src/constants.js", 
imported by 
"src/App.jsx".[31m
file: [36mC:/GitHub
/GitHubRoot/sillinou
s/deckbuilder/deckbu
ilder/src/App.jsx:38
:2[31m
[33m
36:   SIM_SYSTEM,
37:   VAULT_KEY,
38:   IMPORT_ANALYSI
S_PROMPT,
      ^
39:   xBtn
40: } from 
"./constants";
[31m
    at 
getRollupError (file
:///C:/GitHub/GitHub
Root/sillinous/deckb
uilder/deckbuilder/n
ode_modules/rollup/d
ist/es/shared/parseA
st.js:402:41)
    at error (file:/
//C:/GitHub/GitHubRo
ot/sillinous/deckbui
lder/deckbuilder/nod
e_modules/rollup/dis
t/es/shared/parseAst
.js:398:42)
    at Module.error 
(file:///C:/GitHub/G
itHubRoot/sillinous/
deckbuilder/deckbuil
der/node_modules/rol
lup/dist/es/shared/n
ode-entry.js:17040:1
6)
    at Module.traceV
ariable (file:///C:/
GitHub/GitHubRoot/si
llinous/deckbuilder/
deckbuilder/node_mod
ules/rollup/dist/es/
shared/node-entry.js
:17452:29)
    at ModuleScope.f
indVariable (file://
/C:/GitHub/GitHubRoo
t/sillinous/deckbuil
der/deckbuilder/node
_modules/rollup/dist
/es/shared/node-entr
y.js:15070:39)
    at FunctionScope
.findVariable (file:
///C:/GitHub/GitHubR
oot/sillinous/deckbu
ilder/deckbuilder/no
de_modules/rollup/di
st/es/shared/node-en
try.js:5673:38)
    at FunctionBodyS
cope.findVariable (f
ile:///C:/GitHub/Git
HubRoot/sillinous/de
ckbuilder/deckbuilde
r/node_modules/rollu
p/dist/es/shared/nod
e-entry.js:5673:38)
    at ReturnValueSc
ope.findVariable (fi
le:///C:/GitHub/GitH
ubRoot/sillinous/dec
kbuilder/deckbuilder
/node_modules/rollup
/dist/es/shared/node
-entry.js:5673:38)
    at FunctionBodyS
cope.findVariable (f
ile:///C:/GitHub/Git
HubRoot/sillinous/de
ckbuilder/deckbuilde
r/node_modules/rollu
p/dist/es/shared/nod
e-entry.js:5673:38)
    at 
Identifier.bind (fil
e:///C:/GitHub/GitHu
bRoot/sillinous/deck
builder/deckbuilder/
node_modules/rollup/
dist/es/shared/node-
entry.js:5447:40)[3
9m
